// Jest Snapshot v1, https://goo.gl/fbAQLP

exports[`should build ical 1`] = `
"BEGIN:VCALENDAR
VERSION:2.0
PRODID:-//Open Source Software//google-icalendar-sync//EN
NAME:Calendar title
X-WR-CALNAME:Calendar title
TIMEZONE-ID:America/Argentina/Buenos_Aires
X-WR-TIMEZONE:America/Argentina/Buenos_Aires
BEGIN:VEVENT
UID:item-id@test.host
SEQUENCE:1
DTSTAMP:
DTSTART:20120505T120000Z
DTEND:20120505T160000Z
SUMMARY:Event title
DESCRIPTION:Description of event
ORGANIZER;CN=\\"My Name\\":mailto:email@gmail.com
ATTENDEE;ROLE=REQ-PARTICIPANT;CN=\\"My Name\\":MAILTO:email@gmail.com
URL;VALUE=URI:https://www.google.com/calendar/event?eid=XXXXXXXXXXXXXX
STATUS:TENTATIVE
CREATED:20120409T040321Z
LAST-MODIFIED:20120409T040322Z
END:VEVENT
BEGIN:VEVENT
UID:item-id-2@test.host
SEQUENCE:0
DTSTAMP:
DTSTART;VALUE=DATE:20160710
DTEND;VALUE=DATE:20160711
X-MICROSOFT-CDO-ALLDAYEVENT:TRUE
X-MICROSOFT-MSNCALENDAR-ALLDAYEVENT:TRUE
RRULE:FREQ=YEARLY
SUMMARY:Yearly recurring event
ORGANIZER;CN=\\"My Name\\":mailto:email@gmail.com
URL;VALUE=URI:https://www.google.com/calendar/event?eid=XXXXXXXXX
STATUS:CONFIRMED
CREATED:20160712T015703Z
LAST-MODIFIED:20160712T015703Z
END:VEVENT
BEGIN:VEVENT
UID:item-id-3@test.host
SEQUENCE:0
DTSTAMP:
DTSTART;VALUE=DATE:20160710
DTEND;VALUE=DATE:20160711
X-MICROSOFT-CDO-ALLDAYEVENT:TRUE
X-MICROSOFT-MSNCALENDAR-ALLDAYEVENT:TRUE
RRULE:FREQ=WEEKLY;BYDAY=WE
SUMMARY:Weekly wednesday recurring event
ORGANIZER;CN=\\"My Name\\":mailto:email@gmail.com
URL;VALUE=URI:https://www.google.com/calendar/event?eid=XXXXXXXXX
STATUS:CONFIRMED
CREATED:20160712T015703Z
LAST-MODIFIED:20160712T015703Z
END:VEVENT
BEGIN:VEVENT
UID:item-id-4@test.host
SEQUENCE:0
DTSTAMP:
DTSTART;VALUE=DATE:20190319
DTEND;VALUE=DATE:20190320
X-MICROSOFT-CDO-ALLDAYEVENT:TRUE
X-MICROSOFT-MSNCALENDAR-ALLDAYEVENT:TRUE
RRULE:FREQ=MONTHLY;BYDAY=3WE
SUMMARY:Test: Cada mes 3er miercoles
ORGANIZER;CN=\\"My Name\\":mailto:email@gmail.com
URL;VALUE=URI:https://www.google.com/calendar/event?eid=XXXXXXXXXXXX
STATUS:CONFIRMED
CREATED:20190316T055502Z
LAST-MODIFIED:20190316T055502Z
END:VEVENT
BEGIN:VEVENT
UID:item-id-5@test.host
SEQUENCE:0
DTSTAMP:
DTSTART;VALUE=DATE:20190416
X-MICROSOFT-CDO-ALLDAYEVENT:TRUE
X-MICROSOFT-MSNCALENDAR-ALLDAYEVENT:TRUE
SUMMARY:
STATUS:CANCELLED
END:VEVENT
END:VCALENDAR"
`;
