// Jest Snapshot v1, https://goo.gl/fbAQLP

exports[`should build ical 1`] = `
"BEGIN:VCALENDAR
VERSION:2.0
PRODID:-//Open Source Software//google-icalendar-sync//EN
NAME:Calendar title
X-WR-CALNAME:Calendar title
TIMEZONE-ID:America/Argentina/Buenos_Aires
X-WR-TIMEZONE:America/Argentina/Buenos_Aires
BEGIN:VEVENT
UID:item-id@test.host
SEQUENCE:1
DTSTAMP:
DTSTART:20120505T120000Z
DTEND:20120505T160000Z
SUMMARY:Event title
DESCRIPTION:Description of event
ORGANIZER;CN=\\"My Name\\":mailto:email@gmail.com
ATTENDEE;ROLE=REQ-PARTICIPANT;CN=\\"My Name\\":MAILTO:email@gmail.com
URL;VALUE=URI:https://www.google.com/calendar/event?eid=XXXXXXXXXXXXXX
STATUS:TENTATIVE
CREATED:20120409T040321Z
LAST-MODIFIED:20120409T040322Z
END:VEVENT
BEGIN:VEVENT
UID:item-id-2@test.host
SEQUENCE:0
DTSTAMP:
DTSTART;VALUE=DATE:20160711
DTEND;VALUE=DATE:20160712
X-MICROSOFT-CDO-ALLDAYEVENT:TRUE
X-MICROSOFT-MSNCALENDAR-ALLDAYEVENT:TRUE
RRULE:FREQ=YEARLY
SUMMARY:Yearly recurring event
ORGANIZER;CN=\\"My Name\\":mailto:email@gmail.com
URL;VALUE=URI:https://www.google.com/calendar/event?eid=XXXXXXXXX
STATUS:CONFIRMED
CREATED:20160712T015703Z
LAST-MODIFIED:20160712T015703Z
END:VEVENT
BEGIN:VEVENT
UID:item-id-3@test.host
SEQUENCE:0
DTSTAMP:
DTSTART;VALUE=DATE:20160711
DTEND;VALUE=DATE:20160712
X-MICROSOFT-CDO-ALLDAYEVENT:TRUE
X-MICROSOFT-MSNCALENDAR-ALLDAYEVENT:TRUE
RRULE:FREQ=WEEKLY;BYDAY=WE
SUMMARY:Weekly wednesday recurring event
ORGANIZER;CN=\\"My Name\\":mailto:email@gmail.com
URL;VALUE=URI:https://www.google.com/calendar/event?eid=XXXXXXXXX
STATUS:CONFIRMED
CREATED:20160712T015703Z
LAST-MODIFIED:20160712T015703Z
END:VEVENT
BEGIN:VEVENT
UID:item-id-4@test.host
SEQUENCE:0
DTSTAMP:
DTSTART;VALUE=DATE:20190320
DTEND;VALUE=DATE:20190321
X-MICROSOFT-CDO-ALLDAYEVENT:TRUE
X-MICROSOFT-MSNCALENDAR-ALLDAYEVENT:TRUE
RRULE:FREQ=MONTHLY;BYDAY=3WE
EXDATE;VALUE=DATE:20190417
SUMMARY:Test: Cada mes 3er miercoles
ORGANIZER;CN=\\"My Name\\":mailto:email@gmail.com
URL;VALUE=URI:https://www.google.com/calendar/event?eid=XXXXXXXXXXXX
STATUS:CONFIRMED
CREATED:20190316T055502Z
LAST-MODIFIED:20190316T055502Z
END:VEVENT
BEGIN:VEVENT
UID:item-id-7@test.host
SEQUENCE:0
DTSTAMP:
DTSTART;TZID=America/Buenos_Aires:20190316T100000
DTEND;TZID=America/Buenos_Aires:20190316T110000
RRULE:FREQ=MONTHLY;BYDAY=3WE
EXDATE:20190316T130000Z
SUMMARY:Test: Cada mes 3er miercoles
ORGANIZER;CN=\\"My Name\\":mailto:email@gmail.com
URL;VALUE=URI:https://www.google.com/calendar/event?eid=XXXXXXXXXXXX
STATUS:CONFIRMED
CREATED:20190316T055502Z
LAST-MODIFIED:20190316T055502Z
END:VEVENT
END:VCALENDAR"
`;

exports[`should handle recurring events moved 1`] = `
"BEGIN:VCALENDAR
VERSION:2.0
PRODID:-//Open Source Software//google-icalendar-sync//EN
NAME:Calendar title
X-WR-CALNAME:Calendar title
TIMEZONE-ID:America/Argentina/Buenos_Aires
X-WR-TIMEZONE:America/Argentina/Buenos_Aires
BEGIN:VEVENT
UID:recurring-id_R20180822T141500@test.host
SEQUENCE:2
DTSTAMP:
DTSTART:20190124T151500Z
DTEND:20190124T153000Z
RECURRENCE-ID:20190124T141500Z
SUMMARY:My title
DESCRIPTION:Some description
ORGANIZER;CN=\\"Another One Mail\\":mailto:another-one@mail.com
ATTENDEE;ROLE=REQ-PARTICIPANT;CN=\\"Person Mail\\":MAILTO:Person@mail.com
ATTENDEE;ROLE=REQ-PARTICIPANT;CN=\\"Me Self\\":MAILTO:me@mail.com
STATUS:CONFIRMED
CREATED:20180702T141020Z
LAST-MODIFIED:20190322T140618Z
END:VEVENT
END:VCALENDAR"
`;
